---
source: tests/netsim.rs
expression: s
snapshot_kind: text
---
128 1279.9765629291455
256 2559.906253433102
512 5119.625027463809
1024 10238.50021969438
2048 17535.109104589916
4096 35062.41016212602
8192 77374.28255256364
16384 161842.28218966848
